// Jest Snapshot v1, https://goo.gl/fbAQLP

exports[`#serialize() serialize a simple component 1`] = `
Object {
  "entryKey": "@@ref-1",
  "referenceables": Object {
    "@@ref-1": Object {
      "props": Object {
        "components": Object {
          "@@ref": "@@ref-2",
        },
        "extends": Object {
          "data": "Object",
          "type": "string",
        },
        "inputTypes": Object {
          "@@ref": "@@ref-3",
        },
        "inputs": Object {
          "@@ref": "@@ref-4",
        },
        "instanceId": Object {
          "data": "test",
          "type": "string",
        },
        "main": Object {
          "data": "./dist/index.js",
          "type": "string",
        },
        "name": Object {
          "data": "Component",
          "type": "string",
        },
        "version": Object {
          "data": "0.3.0",
          "type": "string",
        },
      },
      "symbols": Object {},
      "type": "Component",
    },
    "@@ref-2": Object {
      "props": Object {},
      "symbols": Object {},
      "type": "object",
    },
    "@@ref-3": Object {
      "props": Object {
        "components": Object {
          "@@ref": "@@ref-5",
        },
      },
      "symbols": Object {},
      "type": "object",
    },
    "@@ref-4": Object {
      "props": Object {},
      "symbols": Object {},
      "type": "object",
    },
    "@@ref-5": Object {
      "props": Object {
        "default": Object {
          "@@ref": "@@ref-6",
        },
        "type": Object {
          "data": "Object",
          "type": "string",
        },
      },
      "symbols": Object {},
      "type": "object",
    },
    "@@ref-6": Object {
      "props": Object {},
      "symbols": Object {},
      "type": "object",
    },
  },
}
`;
